============================= test session starts =============================
platform win32 -- Python 3.12.10, pytest-9.0.2, pluggy-1.6.0 -- C:\Users\91811\AppData\Local\Programs\Python\Python312\python.exe
cachedir: .pytest_cache
rootdir: C:\Users\91811\Desktop\med_assistant_rag
configfile: pyproject.toml
plugins: anyio-4.12.0, asyncio-1.3.0
asyncio: mode=Mode.AUTO, debug=False, asyncio_default_fixture_loop_scope=function, asyncio_default_test_loop_scope=function
collecting ... collected 3 items

tests/test_api.py::test_query_endpoint_success ERROR                     [ 33%]
tests/test_api.py::test_query_endpoint_missing_question ERROR            [ 66%]
tests/test_api.py::test_query_endpoint_uninitialized_service ERROR       [100%]

=================================== ERRORS ====================================
________________ ERROR at setup of test_query_endpoint_success ________________

fixturedef = <FixtureDef argname='mock_rag_service' scope='function' baseid='tests'>
request = <SubRequest 'mock_rag_service' for <Function test_query_endpoint_success>>

    @pytest.hookimpl(wrapper=True)
    def pytest_fixture_setup(fixturedef: FixtureDef, request) -> object | None:
        asyncio_mode = _get_asyncio_mode(request.config)
        if not _is_asyncio_fixture_function(fixturedef.func):
            if asyncio_mode == Mode.STRICT:
                # Ignore async fixtures without explicit asyncio mark in strict mode
                # This applies to pytest_trio fixtures, for example
                return (yield)
            if not _is_coroutine_or_asyncgen(fixturedef.func):
>               return (yield)
                        ^^^^^

..\..\AppData\Local\Programs\Python\Python312\Lib\site-packages\pytest_asyncio\plugin.py:730: 
_ _ _ _ _ _ _ _ _ _ _ _ _ _ _ _ _ _ _ _ _ _ _ _ _ _ _ _ _ _ _ _ _ _ _ _ _ _ _ _

    @pytest.fixture
    def mock_rag_service():
        """Mock the RAG service initialization and answer generation to prevent loading heavy LLMs in tests."""
>       from med_assistant.api.main import rag_service
E       ModuleNotFoundError: No module named 'med_assistant'

tests\conftest.py:8: ModuleNotFoundError
___________ ERROR at setup of test_query_endpoint_missing_question ____________

fixturedef = <FixtureDef argname='mock_rag_service' scope='function' baseid='tests'>
request = <SubRequest 'mock_rag_service' for <Function test_query_endpoint_missing_question>>

    @pytest.hookimpl(wrapper=True)
    def pytest_fixture_setup(fixturedef: FixtureDef, request) -> object | None:
        asyncio_mode = _get_asyncio_mode(request.config)
        if not _is_asyncio_fixture_function(fixturedef.func):
            if asyncio_mode == Mode.STRICT:
                # Ignore async fixtures without explicit asyncio mark in strict mode
                # This applies to pytest_trio fixtures, for example
                return (yield)
            if not _is_coroutine_or_asyncgen(fixturedef.func):
>               return (yield)
                        ^^^^^

..\..\AppData\Local\Programs\Python\Python312\Lib\site-packages\pytest_asyncio\plugin.py:730: 
_ _ _ _ _ _ _ _ _ _ _ _ _ _ _ _ _ _ _ _ _ _ _ _ _ _ _ _ _ _ _ _ _ _ _ _ _ _ _ _

    @pytest.fixture
    def mock_rag_service():
        """Mock the RAG service initialization and answer generation to prevent loading heavy LLMs in tests."""
>       from med_assistant.api.main import rag_service
E       ModuleNotFoundError: No module named 'med_assistant'

tests\conftest.py:8: ModuleNotFoundError
_________ ERROR at setup of test_query_endpoint_uninitialized_service _________

fixturedef = <FixtureDef argname='mock_rag_service' scope='function' baseid='tests'>
request = <SubRequest 'mock_rag_service' for <Function test_query_endpoint_uninitialized_service>>

    @pytest.hookimpl(wrapper=True)
    def pytest_fixture_setup(fixturedef: FixtureDef, request) -> object | None:
        asyncio_mode = _get_asyncio_mode(request.config)
        if not _is_asyncio_fixture_function(fixturedef.func):
            if asyncio_mode == Mode.STRICT:
                # Ignore async fixtures without explicit asyncio mark in strict mode
                # This applies to pytest_trio fixtures, for example
                return (yield)
            if not _is_coroutine_or_asyncgen(fixturedef.func):
>               return (yield)
                        ^^^^^

..\..\AppData\Local\Programs\Python\Python312\Lib\site-packages\pytest_asyncio\plugin.py:730: 
_ _ _ _ _ _ _ _ _ _ _ _ _ _ _ _ _ _ _ _ _ _ _ _ _ _ _ _ _ _ _ _ _ _ _ _ _ _ _ _

    @pytest.fixture
    def mock_rag_service():
        """Mock the RAG service initialization and answer generation to prevent loading heavy LLMs in tests."""
>       from med_assistant.api.main import rag_service
E       ModuleNotFoundError: No module named 'med_assistant'

tests\conftest.py:8: ModuleNotFoundError
=========================== short test summary info ===========================
ERROR tests/test_api.py::test_query_endpoint_success - ModuleNotFoundError: No module named 'med_assistant'
ERROR tests/test_api.py::test_query_endpoint_missing_question - ModuleNotFoundError: No module named 'med_assistant'
ERROR tests/test_api.py::test_query_endpoint_uninitialized_service - ModuleNotFoundError: No module named 'med_assistant'
============================== 3 errors in 0.12s ==============================
